netFromPort (append₄)-result
  (append₄)-target!value-(cons₁₃)
  (append₄)-rest value-(cons₁₀)
  (cons₁₃)-head value-(sole₁₁)
  (cons₁₃)-tail value-(cons₁₂)
  (cons₁₂)-head value-(sole₁₀)
  (cons₁₂)-tail value-(cons₁₁)
  (cons₁₁)-head value-(sole₉)
  (cons₁₁)-tail value-(null₄)
  (cons₁₀)-head value-(sole₈)
  (cons₁₀)-tail value-(cons₉)
  (cons₉)-head value-(sole₇)
  (cons₉)-tail value-(cons₈)
  (cons₈)-head value-(sole₆)
  (cons₈)-tail value-(null₃)
end
netFromPort (cons₁₄)-value!
  (cons₁₄)-head value-(sole₁₁)
  (cons₁₄)-tail value-(cons₁₅)
  (cons₁₅)-head value-(sole₁₀)
  (cons₁₅)-tail value-(cons₁₆)
  (cons₁₆)-head value-(sole₉)
  (cons₁₆)-tail value-(cons₁₀)
  (cons₁₀)-head value-(sole₈)
  (cons₁₀)-tail value-(cons₉)
  (cons₉)-head value-(sole₇)
  (cons₉)-tail value-(cons₈)
  (cons₈)-head value-(sole₆)
  (cons₈)-tail value-(null₃)
end
