netFromPort (add₁₀)-result
  (add₁₀)-target!value-(zero₂₀)
  (add₁₀)-addend value-(zero₁₉)
end
netFromPort (zero₁₉)-value! end
netFromPort (add₁₁)-result
  (add₁₁)-target!value-(add1₂₂)
  (add₁₁)-addend value-(add1₂₁)
  (add1₂₂)-prev value-(zero₂₂)
  (add1₂₁)-prev value-(zero₂₁)
end
netFromPort (add1₂₃)-value!
  (add1₂₃)-prev value-(add1₂₁)
  (add1₂₁)-prev value-(zero₂₁)
end
netFromPort (add₁₅)-result
  (add₁₅)-target result-(add₁₄)
  (add₁₅)-addend result-(add₁₃)
  (add₁₄)-target!value-(add1₂₇)
  (add₁₄)-addend value-(add1₂₆)
  (add1₂₇)-prev value-(zero₂₆)
  (add1₂₆)-prev value-(zero₂₅)
  (add₁₃)-target!value-(add1₂₅)
  (add₁₃)-addend value-(add1₂₄)
  (add1₂₅)-prev value-(zero₂₄)
  (add1₂₄)-prev value-(zero₂₃)
end
netFromPort (add1₂₉)-value!
  (add1₂₉)-prev value-(add1₃₀)
  (add1₃₀)-prev value-(add1₃₁)
  (add1₃₁)-prev value-(add1₂₄)
  (add1₂₄)-prev value-(zero₂₃)
end
netFromPort (add₂₀)-result
  (add₂₀)-target!value-(add1₃₂)
  (add₂₀)-addend value-(zero₂₇)
  (add1₃₂)-prev value-(zero₂₈)
end
netFromPort (add1₃₃)-value!
  (add1₃₃)-prev value-(zero₂₇)
end
netFromPort (add1₃₈)-value!
  (add1₃₈)-prev value-(add1₃₉)
  (add1₃₉)-prev value-(add1₃₄)
  (add1₃₄)-prev value-(zero₂₉)
end
netFromPort (zero₃₄)-value! end
netFromPort (zero₃₄)-value! end
netFromPort (natDup₄)-first
  (natDup₄)-target result-(add₃₀)
  (add₃₀)-target!value-(add1₄₃)
  (add₃₀)-addend value-(add1₄₂)
  (add1₄₃)-prev value-(zero₃₆)
  (add1₄₂)-prev value-(zero₃₅)
end
netFromPort (add1₄₅)-value!
  (add1₄₅)-prev value-(add1₄₇)
  (add1₄₇)-prev value-(zero₃₇)
end
netFromPort (mul₃)-result
  (mul₃)-target result-(add₃₃)
  (mul₃)-mulend result-(add₃₂)
  (add₃₃)-target!value-(add1₅₂)
  (add₃₃)-addend value-(add1₅₁)
  (add1₅₂)-prev value-(zero₄₂)
  (add1₅₁)-prev value-(zero₄₁)
  (add₃₂)-target!value-(add1₅₀)
  (add₃₂)-addend value-(add1₄₉)
  (add1₅₀)-prev value-(zero₄₀)
  (add1₄₉)-prev value-(zero₃₉)
end
netFromPort (add1₅₇)-value!
  (add1₅₇)-prev value-(add1₆₃)
  (add1₆₃)-prev value-(add1₆₀)
  (add1₆₀)-prev value-(add1₆₆)
  (add1₆₆)-prev value-(zero₄₇)
end
netFromPort (mul₈)-result
  (mul₈)-target result-(add₄₇)
  (mul₈)-mulend result-(add₄₅)
  (add₄₇)-target!value-(add1₇₂)
  (add₄₇)-addend result-(add₄₆)
  (add1₇₂)-prev value-(zero₅₇)
  (add₄₆)-target!value-(add1₇₁)
  (add₄₆)-addend value-(add1₇₀)
  (add1₇₁)-prev value-(zero₅₆)
  (add1₇₀)-prev value-(zero₅₅)
  (add₄₅)-target!value-(add1₆₉)
  (add₄₅)-addend result-(add₄₄)
  (add1₆₉)-prev value-(zero₅₄)
  (add₄₄)-target!value-(add1₆₈)
  (add₄₄)-addend value-(add1₆₇)
  (add1₆₈)-prev value-(zero₅₃)
  (add1₆₇)-prev value-(zero₅₂)
end
netFromPort (add1₇₈)-value!
  (add1₇₈)-prev value-(add1₈₈)
  (add1₈₈)-prev value-(add1₉₇)
  (add1₉₇)-prev value-(add1₈₁)
  (add1₈₁)-prev value-(add1₈₄)
  (add1₈₄)-prev value-(add1₉₁)
  (add1₉₁)-prev value-(add1₁₀₀)
  (add1₁₀₀)-prev value-(add1₉₄)
  (add1₉₄)-prev value-(add1₁₀₃)
  (add1₁₀₃)-prev value-(zero₆₄)
end
netFromPort (add1₁₀₇)-value!
  (add1₁₀₇)-prev value-(add1₁₀₄)
  (add1₁₀₄)-prev value-(zero₇₂)
end
netFromPort (add1₁₁₂)-value!
  (add1₁₁₂)-prev value-(add1₁₁₃)
  (add1₁₁₃)-prev value-(zero₇₅)
end
netFromPort (add1₁₂₁)-value!
  (add1₁₂₁)-prev value-(add1₁₂₃)
  (add1₁₂₃)-prev value-(add1₁₁₄)
  (add1₁₁₄)-prev value-(zero₇₇)
end
