netFromPort (add₆)-result
  (add₆)-target!value-(add1₁₀)
  (add₆)-addend value-(zero₁₁)
  (add1₁₀)-prev value-(zero₁₀)
end
netFromPort (add1₁₁)-value!
  (add1₁₁)-prev value-(zero₁₁)
end
