netFromPort (add₁₀)-result
  (add₁₀)-target!value-(add1₂₁)
  (add₁₀)-addend value-(zero₂₀)
  (add1₂₁)-prev value-(zero₁₉)
end
netFromPort (add1₂₂)-value!
  (add1₂₂)-prev value-(zero₂₀)
end
