net result-(add₁₀) {
  (add₁₀)-target!value-(add1₂₁)
  (add₁₀)-addend value-(zero₂₀)
  (add1₂₁)-prev value-(zero₁₉)
}
net !value-(add1₂₂) {
  (add1₂₂)-prev value-(zero₂₀)
}
