net result-(add₃) {
  (add₃)-target!value-(add1₂)
  (add₃)-addend value-(add1₃)
  (add1₂)-prev value-(zero₁)
  (add1₃)-prev value-(zero₂)
}
net !value-(add1₄) {
  (add1₄)-prev value-(add1₃)
  (add1₃)-prev value-(zero₂)
}
