netFromPort (add₀)-target! end
netFromPort (add₀)-addend end
netFromPort (add₀)-result end
